
##################Local varying alpha
Budget = 56
#Covered Tasks
                     	MAX_COVER_BASIC      	MAX_COVER_BASIC_T    	MAX_COVER_BASIC_S    	FixedOff             	DynamicOff           	
0.200000             	791                  	715                  	790                  	793                  	958                  	

##################Local varying alpha
Budget = 112
#Covered Tasks
                     	MAX_COVER_BASIC      	MAX_COVER_BASIC_T    	MAX_COVER_BASIC_S    	FixedOff             	DynamicOff           	
0.200000             	6711                 	7102                 	6711                 	7668                 	8450                 	

##################Local varying alpha
Budget = 112
#Covered Tasks
                     	MAX_COVER_BASIC      	MAX_COVER_BASIC_T    	FixedOff             	DynamicOff           	
0.200000             	6711                 	6812                 	7668                 	8450                 	

##################Local varying alpha
Budget = 112
#Covered Tasks
                     	MAX_COVER_BASIC      	MAX_COVER_BASIC_T    	MAX_COVER_BASIC_T2   	MAX_COVER_BASIC_S    	FixedOff             	DynamicOff           	
0.200000             	6711                 	7102                 	6763                 	6729                 	7668                 	8450                 	

##################Local varying alpha
Budget = 112
#Covered Tasks
                     	MAX_COVER_BASIC_S    	FixedOff             	DynamicOff           	
0.200000             	4456                 	7668                 	8450                 	

##################Local varying alpha
Budget = 112
#Covered Tasks
                     	MAX_COVER_BASIC_S    	FixedOff             	DynamicOff           	
0.200000             	4963                 	7668                 	8450                 	

##################Local varying alpha
Budget = 112
#Covered Tasks
                     	MAX_COVER_BASIC_S    	FixedOff             	DynamicOff           	
0.200000             	4386                 	7668                 	8450                 	

##################Local varying alpha
Budget = 112
#Covered Tasks
                     	MAX_COVER_BASIC_S    	FixedOff             	DynamicOff           	
0.200000             	4760                 	7668                 	8450                 	

##################Local varying alpha
Budget = 224
#Covered Tasks
                     	MAX_COVER_BASIC      	MAX_COVER_BASIC_T    	FixedOff             	DynamicOff           	
0.200000             	8539                 	9208                 	10040                	10927                	

##################Local varying alpha
Budget = 112
#Covered Tasks
                     	MAX_COVER_BASIC_S    	FixedOff             	DynamicOff           	
0.200000             	4760                 	7668                 	8450                 	

##################Local varying alpha
Budget = 112
#Covered Tasks
                     	MAX_COVER_BASIC_S    	FixedOff             	DynamicOff           	
0.200000             	6711                 	7668                 	8450                 	

##################Local varying alpha
Budget = 112
#Covered Tasks
                     	MAX_COVER_BASIC_S    	FixedOff             	DynamicOff           	
0.200000             	6711                 	7668                 	8450                 	

##################Local varying alpha
Budget = 112
#Covered Tasks
                     	MAX_COVER_BASIC_T2   	MAX_COVER_BASIC_S2   	MAX_COVER_BASIC_S    	FixedOff             	DynamicOff           	
0.200000             	6763                 	6738                 	6715                 	7668                 	8450                 	

##################Local varying alpha
Budget = 112
#Covered Tasks
                     	MAX_COVER_BASIC_T2   	MAX_COVER_BASIC_S2   	MAX_COVER_BASIC_S    	FixedOff             	DynamicOff           	
0.200000             	6763                 	6692                 	4529                 	7668                 	8450                 	

##################Local varying alpha
Budget = 112
#Covered Tasks
                     	MAX_COVER_BASIC      	MAX_COVER_BASIC_S2   	FixedOff             	DynamicOff           	
0.200000             	6711                 	6731                 	7668                 	8450                 	

##################Local varying alpha
Budget = 112
#Covered Tasks
                     	MAX_COVER_BASIC      	MAX_COVER_BASIC_S2   	FixedOff             	DynamicOff           	
0.200000             	6711                 	6692                 	7668                 	8450                 	

##################Local varying alpha
Budget = 56
#Covered Tasks
                     	MAX_COVER_BASIC      	MAX_COVER_BASIC_S2   	FixedOff             	DynamicOff           	
0.200000             	4880                 	4808                 	5656                 	6333                 	

##################Local varying alpha
Budget = 56
#Covered Tasks
                     	MAX_COVER_BASIC      	MAX_COVER_BASIC_S2   	FixedOff             	DynamicOff           	
0.200000             	4880                 	4798                 	5656                 	6333                 	
